2026-08-14 21:18:28.731 | WARNING  | scraper.proxy_manager:mark_bad:39 - Proxy flagged, cooling down 300s: http://35jovid14xin:28168810vcfgaui@45.3.46.44:3129
2026-08-14 21:18:39.593 | WARNING  | scraper.proxy_manager:mark_bad:47 - Proxy flagged, cooling down 300s: http://35jovid14xin:***@45.3.46.44:3129
2026-08-14 21:31:21.133 | WARNING  | scraper.proxy_manager:mark_bad:47 - Proxy flagged, cooling down 300s: http://35jovid14xin:***@45.3.46.44:3129
2026-08-14 21:49:56.396 | INFO     | scraper.browser:start:41 - Browser launched
2026-08-14 21:50:12.845 | WARNING  | scraper.proxy_manager:mark_bad:47 - Proxy flagged, cooling down 300s: http://35jovid14xin:***@216.26.255.2:3129
2026-08-14 21:50:31.745 | WARNING  | scraper.proxy_manager:mark_bad:47 - Proxy flagged, cooling down 300s: http://35jovid14xin:***@209.50.173.254:3129
2026-08-14 21:50:49.915 | WARNING  | scraper.proxy_manager:mark_bad:47 - Proxy flagged, cooling down 300s: http://35jovid14xin:***@65.111.27.242:3129
2026-08-14 21:50:49.999 | INFO     | scraper.browser:stop:48 - Browser closed
2026-08-14 21:50:50.000 | ERROR    | scraper.tasks:scrape_single_target:53 - [example_site] scrape failed: RetryError[<Future at 0x108867890 state=finished raised TimeoutError>]
2026-08-14 21:54:04.508 | INFO     | scraper.browser:start:41 - Browser launched
2026-08-14 21:54:17.440 | INFO     | scraper.browser:start:41 - Browser launched
2026-08-14 21:54:21.586 | WARNING  | scraper.proxy_manager:mark_bad:47 - Proxy flagged, cooling down 300s: http://35jovid14xin:***@104.207.59.113:3129
2026-08-14 21:54:34.045 | WARNING  | scraper.proxy_manager:mark_bad:47 - Proxy flagged, cooling down 300s: http://35jovid14xin:***@45.3.36.70:3129
2026-08-14 21:54:40.163 | WARNING  | scraper.proxy_manager:mark_bad:47 - Proxy flagged, cooling down 300s: http://35jovid14xin:***@65.111.2.54:3129
2026-08-14 21:54:52.237 | WARNING  | scraper.proxy_manager:mark_bad:47 - Proxy flagged, cooling down 300s: http://35jovid14xin:***@104.207.54.222:3129
2026-08-14 21:54:58.759 | WARNING  | scraper.proxy_manager:mark_bad:47 - Proxy flagged, cooling down 300s: http://35jovid14xin:***@209.50.177.237:3129
2026-08-14 21:54:58.811 | INFO     | scraper.browser:stop:48 - Browser closed
2026-08-14 21:54:58.812 | ERROR    | scraper.tasks:scrape_single_target:59 - [example_site] scrape failed: RetryError[<Future at 0x10ca81310 state=finished raised TimeoutError>]
2026-08-14 21:55:10.408 | WARNING  | scraper.proxy_manager:mark_bad:47 - Proxy flagged, cooling down 300s: http://35jovid14xin:***@104.207.54.0:3129
2026-08-14 21:55:10.454 | INFO     | scraper.browser:stop:48 - Browser closed
2026-08-14 21:55:10.455 | ERROR    | scraper.tasks:scrape_single_target:59 - [example_site] scrape failed: RetryError[<Future at 0x10ca85310 state=finished raised TimeoutError>]
2026-08-14 21:55:59.755 | INFO     | scraper.browser:start:41 - Browser launched
2026-08-14 21:56:10.814 | INFO     | scraper.browser:start:41 - Browser launched
2026-08-14 21:56:16.202 | WARNING  | scraper.proxy_manager:mark_bad:47 - Proxy flagged, cooling down 300s: http://35jovid14xin:***@104.207.56.210:3129
2026-08-14 21:56:27.403 | WARNING  | scraper.proxy_manager:mark_bad:47 - Proxy flagged, cooling down 300s: http://35jovid14xin:***@45.3.46.44:3129
2026-08-14 21:56:34.420 | WARNING  | scraper.proxy_manager:mark_bad:47 - Proxy flagged, cooling down 300s: http://35jovid14xin:***@216.26.255.71:3129
2026-08-14 21:56:45.604 | WARNING  | scraper.proxy_manager:mark_bad:47 - Proxy flagged, cooling down 300s: http://35jovid14xin:***@216.26.253.54:3129
2026-08-14 21:56:53.163 | WARNING  | scraper.proxy_manager:mark_bad:47 - Proxy flagged, cooling down 300s: http://35jovid14xin:***@45.3.40.35:3129
2026-08-14 21:56:53.225 | INFO     | scraper.browser:stop:48 - Browser closed
2026-08-14 21:56:53.227 | ERROR    | scraper.tasks:scrape_single_target:59 - [example_site] scrape failed: RetryError[<Future at 0x10cd9d250 state=finished raised TimeoutError>]
2026-08-14 21:57:04.517 | WARNING  | scraper.proxy_manager:mark_bad:47 - Proxy flagged, cooling down 300s: http://35jovid14xin:***@104.207.34.185:3129
2026-08-14 21:57:04.574 | INFO     | scraper.browser:stop:48 - Browser closed
2026-08-14 21:57:04.576 | ERROR    | scraper.tasks:scrape_single_target:59 - [example_site] scrape failed: RetryError[<Future at 0x10ca8a5d0 state=finished raised TimeoutError>]
2026-08-14 22:02:09.137 | INFO     | scraper.browser:start:41 - Browser launched
2026-08-14 22:02:17.924 | INFO     | scraper.tasks:_scrape_target:36 - [tofler] page 1: 30 records
2026-08-14 22:02:17.945 | INFO     | scraper.browser:stop:48 - Browser closed
2026-08-14 22:04:05.998 | INFO     | scraper.browser:start:41 - Browser launched
2026-08-14 22:04:13.059 | INFO     | scraper.browser:start:41 - Browser launched
2026-08-14 22:04:13.062 | INFO     | scraper.browser:start:41 - Browser launched
2026-08-14 22:04:19.672 | INFO     | scraper.tasks:_scrape_target:36 - [tofler] page 1: 30 records
2026-08-14 22:04:19.696 | INFO     | scraper.browser:stop:48 - Browser closed
2026-08-14 22:04:22.460 | WARNING  | scraper.proxy_manager:mark_bad:47 - Proxy flagged, cooling down 300s: http://35jovid14xin:***@209.50.181.214:3129
2026-08-14 22:04:29.717 | WARNING  | scraper.proxy_manager:mark_bad:47 - Proxy flagged, cooling down 300s: http://35jovid14xin:***@65.111.6.147:3129
2026-08-14 22:04:40.672 | WARNING  | scraper.proxy_manager:mark_bad:47 - Proxy flagged, cooling down 300s: http://35jovid14xin:***@216.26.255.2:3129
2026-08-14 22:04:47.951 | WARNING  | scraper.proxy_manager:mark_bad:47 - Proxy flagged, cooling down 300s: http://35jovid14xin:***@65.111.27.242:3129
2026-08-14 22:04:58.851 | WARNING  | scraper.proxy_manager:mark_bad:47 - Proxy flagged, cooling down 300s: http://35jovid14xin:***@151.123.178.84:3129
2026-08-14 22:04:58.900 | INFO     | scraper.browser:stop:48 - Browser closed
2026-08-14 22:04:58.902 | ERROR    | scraper.tasks:scrape_single_target:59 - [example_site] scrape failed: RetryError[<Future at 0x10a6d9310 state=finished raised TimeoutError>]
2026-08-14 22:05:06.865 | WARNING  | scraper.proxy_manager:mark_bad:47 - Proxy flagged, cooling down 300s: http://35jovid14xin:***@216.26.231.123:3129
2026-08-14 22:05:06.910 | INFO     | scraper.browser:stop:48 - Browser closed
2026-08-14 22:05:06.912 | ERROR    | scraper.tasks:scrape_single_target:59 - [example_site] scrape failed: RetryError[<Future at 0x10a6e1310 state=finished raised TimeoutError>]
2026-08-14 22:06:07.884 | INFO     | scraper.browser:start:41 - Browser launched
2026-08-14 22:06:24.734 | WARNING  | scraper.proxy_manager:mark_bad:47 - Proxy flagged, cooling down 300s: http://35jovid14xin:***@216.26.233.6:3129
2026-08-14 22:06:43.627 | WARNING  | scraper.proxy_manager:mark_bad:47 - Proxy flagged, cooling down 300s: http://35jovid14xin:***@45.3.36.87:3129
2026-08-14 22:07:02.402 | WARNING  | scraper.proxy_manager:mark_bad:47 - Proxy flagged, cooling down 300s: http://35jovid14xin:***@65.111.3.206:3129
2026-08-14 22:07:02.489 | INFO     | scraper.browser:stop:48 - Browser closed
2026-08-14 22:07:02.491 | ERROR    | scraper.tasks:scrape_single_target:59 - [example_site] scrape failed: RetryError[<Future at 0x10a8bb2f0 state=finished raised TimeoutError>]
2026-08-14 22:08:03.450 | INFO     | scraper.browser:start:41 - Browser launched
2026-08-14 22:08:20.546 | WARNING  | scraper.proxy_manager:mark_bad:47 - Proxy flagged, cooling down 300s: http://35jovid14xin:***@45.3.36.70:3129
2026-08-14 22:08:39.113 | WARNING  | scraper.proxy_manager:mark_bad:47 - Proxy flagged, cooling down 300s: http://35jovid14xin:***@216.26.232.250:3129
2026-08-14 22:08:57.336 | WARNING  | scraper.proxy_manager:mark_bad:47 - Proxy flagged, cooling down 300s: http://35jovid14xin:***@104.207.54.0:3129
2026-08-14 22:08:57.529 | INFO     | scraper.browser:stop:48 - Browser closed
2026-08-14 22:08:57.530 | ERROR    | scraper.tasks:scrape_single_target:59 - [example_site] scrape failed: RetryError[<Future at 0x10a7fd450 state=finished raised TimeoutError>]
2026-08-14 22:22:51.080 | INFO     | scraper.browser:start:41 - Browser launched
2026-08-14 22:22:59.350 | INFO     | scraper.tasks:_scrape_target:38 - [tofler] Scraping company: https://www.tofler.in/omansh-enterprises-limited/company/L01100DL1974PLC241646
2026-08-14 22:23:11.294 | INFO     | scraper.tasks:_scrape_target:38 - [tofler] Scraping company: https://www.tofler.in/pajson-agro-india-limited/company/L01100DL2021PLC386740
2026-08-14 22:23:18.987 | INFO     | scraper.tasks:_scrape_target:38 - [tofler] Scraping company: https://www.tofler.in/continental-seeds-and-chemicals-limited/company/L01111DL1983PLC015969
2026-08-14 22:23:25.441 | INFO     | scraper.tasks:_scrape_target:38 - [tofler] Scraping company: https://www.tofler.in/semaya-limited/company/L01111DL1985PLC021268
2026-08-14 22:23:33.883 | INFO     | scraper.tasks:_scrape_target:38 - [tofler] Scraping company: https://www.tofler.in/krbl-limited/company/L01111DL1993PLC052845
2026-08-14 22:23:44.438 | INFO     | scraper.tasks:_scrape_target:38 - [tofler] Scraping company: https://www.tofler.in/dr-m-induscorp-limited/company/L01119DL1986PLC023698
2026-08-14 22:23:51.504 | INFO     | scraper.tasks:_scrape_target:38 - [tofler] Scraping company: https://www.tofler.in/hindustan-agrigentics-limited/company/L01119DL1990PLC040979
2026-08-14 22:24:01.029 | INFO     | scraper.tasks:_scrape_target:38 - [tofler] Scraping company: https://www.tofler.in/aayush-wellness-limited/company/L01122DL1984PLC018307
2026-08-14 22:24:10.535 | INFO     | scraper.tasks:_scrape_target:38 - [tofler] Scraping company: https://www.tofler.in/sc-agrotech-limited/company/L01122DL1990PLC042207
2026-08-14 22:24:18.441 | INFO     | scraper.tasks:_scrape_target:38 - [tofler] Scraping company: https://www.tofler.in/shivamshree-businesses-limited/company/L01403DL1983PLC015704
2026-08-14 22:24:29.115 | INFO     | scraper.tasks:_scrape_target:38 - [tofler] Scraping company: https://www.tofler.in/fratelli-vineyards-limited/company/L11020DL2009PLC186397
2026-08-14 22:24:36.626 | INFO     | scraper.tasks:_scrape_target:38 - [tofler] Scraping company: https://www.tofler.in/landmark-property-development-company-limited/company/L13100DL1976PLC188942
2026-08-14 22:24:42.250 | INFO     | scraper.tasks:_scrape_target:38 - [tofler] Scraping company: https://www.tofler.in/spl-industries-limited/company/L13139DL1991PLC062744
2026-08-14 22:24:48.402 | INFO     | scraper.tasks:_scrape_target:38 - [tofler] Scraping company: https://www.tofler.in/sajjan-commercial-enterprises-ltd/company/L13203DL1985PLC021536
2026-08-14 22:31:13.377 | INFO     | scraper.browser:start:41 - Browser launched
2026-08-14 22:31:21.664 | INFO     | scraper.tasks:_scrape_target:38 - [tofler] Scraping company: https://www.tofler.in/omansh-enterprises-limited/company/L01100DL1974PLC241646
2026-08-14 22:31:29.329 | INFO     | scraper.tasks:_scrape_target:38 - [tofler] Scraping company: https://www.tofler.in/pajson-agro-india-limited/company/L01100DL2021PLC386740
2026-08-14 22:31:36.198 | INFO     | scraper.tasks:_scrape_target:38 - [tofler] Scraping company: https://www.tofler.in/continental-seeds-and-chemicals-limited/company/L01111DL1983PLC015969
2026-08-14 22:31:46.195 | INFO     | scraper.tasks:_scrape_target:38 - [tofler] Scraping company: https://www.tofler.in/semaya-limited/company/L01111DL1985PLC021268
2026-08-14 22:31:51.703 | INFO     | scraper.tasks:_scrape_target:38 - [tofler] Scraping company: https://www.tofler.in/krbl-limited/company/L01111DL1993PLC052845
2026-08-14 22:32:00.646 | INFO     | scraper.tasks:_scrape_target:38 - [tofler] Scraping company: https://www.tofler.in/dr-m-induscorp-limited/company/L01119DL1986PLC023698
2026-08-14 22:32:08.786 | INFO     | scraper.tasks:_scrape_target:38 - [tofler] Scraping company: https://www.tofler.in/hindustan-agrigentics-limited/company/L01119DL1990PLC040979
2026-08-14 22:32:15.460 | INFO     | scraper.tasks:_scrape_target:38 - [tofler] Scraping company: https://www.tofler.in/aayush-wellness-limited/company/L01122DL1984PLC018307
2026-08-14 22:32:20.890 | INFO     | scraper.tasks:_scrape_target:38 - [tofler] Scraping company: https://www.tofler.in/sc-agrotech-limited/company/L01122DL1990PLC042207
2026-08-14 22:32:28.980 | INFO     | scraper.tasks:_scrape_target:38 - [tofler] Scraping company: https://www.tofler.in/shivamshree-businesses-limited/company/L01403DL1983PLC015704
2026-08-14 22:32:37.683 | INFO     | scraper.tasks:_scrape_target:38 - [tofler] Scraping company: https://www.tofler.in/fratelli-vineyards-limited/company/L11020DL2009PLC186397
2026-08-14 22:32:43.476 | INFO     | scraper.tasks:_scrape_target:38 - [tofler] Scraping company: https://www.tofler.in/landmark-property-development-company-limited/company/L13100DL1976PLC188942
2026-08-14 22:32:53.322 | INFO     | scraper.tasks:_scrape_target:38 - [tofler] Scraping company: https://www.tofler.in/spl-industries-limited/company/L13139DL1991PLC062744
2026-08-14 22:33:00.507 | INFO     | scraper.tasks:_scrape_target:38 - [tofler] Scraping company: https://www.tofler.in/sajjan-commercial-enterprises-ltd/company/L13203DL1985PLC021536
2026-08-14 22:33:10.440 | INFO     | scraper.tasks:_scrape_target:38 - [tofler] Scraping company: https://www.tofler.in/hoac-foods-india-limited/company/L15120DL2018PLC330739
2026-08-14 22:33:18.756 | INFO     | scraper.tasks:_scrape_target:38 - [tofler] Scraping company: https://www.tofler.in/devyani-international-limited/company/L15135DL1991PLC046758
2026-08-14 22:33:24.705 | INFO     | scraper.tasks:_scrape_target:38 - [tofler] Scraping company: https://www.tofler.in/modi-naturals-limited/company/L15142DL1974PLC007349
2026-08-14 22:33:32.507 | INFO     | scraper.tasks:_scrape_target:38 - [tofler] Scraping company: https://www.tofler.in/reliance-infotek-limited/company/L15142DL1987PLC029899
2026-08-14 22:33:41.094 | INFO     | scraper.tasks:_scrape_target:38 - [tofler] Scraping company: https://www.tofler.in/tarai-foods-limited/company/L15142DL1990PLC039291
2026-08-14 22:33:46.334 | INFO     | scraper.tasks:_scrape_target:38 - [tofler] Scraping company: https://www.tofler.in/superior-industrial-enterprises-limited/company/L15142DL1991PLC046469
2026-08-14 22:33:53.652 | INFO     | scraper.tasks:_scrape_target:38 - [tofler] Scraping company: https://www.tofler.in/nestle-india-limited/company/L15202DL1959PLC003786
2026-08-14 22:34:04.374 | INFO     | scraper.tasks:_scrape_target:38 - [tofler] Scraping company: https://www.tofler.in/mahavira-foods-limited/company/L15310DL1988PLC033651
2026-08-14 22:34:11.220 | INFO     | scraper.tasks:_scrape_target:38 - [tofler] Scraping company: https://www.tofler.in/kumar-food-industries-limited/company/L15310DL1991PLC043456
2026-08-14 22:34:25.380 | INFO     | scraper.tasks:_scrape_target:38 - [tofler] Scraping company: https://www.tofler.in/focus-industrial-resources-limited/company/L15319DL1985PLC021348
2026-08-14 22:34:35.477 | INFO     | scraper.tasks:_scrape_target:38 - [tofler] Scraping company: https://www.tofler.in/mahaan-foods-limited/company/L15419DL1987PLC350285
2026-08-14 22:34:42.851 | INFO     | scraper.tasks:_scrape_target:38 - [tofler] Scraping company: https://www.tofler.in/visisth-chay-vyapar-limited/company/L15491DL1985PLC019848
2026-08-14 22:34:49.726 | INFO     | scraper.tasks:_scrape_target:38 - [tofler] Scraping company: https://www.tofler.in/regent-enterprises-limited/company/L15500DL1994PLC153183
2026-08-14 22:34:57.533 | INFO     | scraper.tasks:_scrape_target:38 - [tofler] Scraping company: https://www.tofler.in/lacy-limited/company/L15511DL1985PLC021272
2026-08-14 22:35:04.490 | INFO     | scraper.tasks:_scrape_target:38 - [tofler] Scraping company: https://www.tofler.in/hindustan-breweries-and-bottling-limited/company/L15549DL1909PLC005478
2026-08-14 22:35:12.703 | INFO     | scraper.tasks:_scrape_target:38 - [tofler] Scraping company: https://www.tofler.in/john-oakey-and-mohan-limited/company/L15549DL1962PLC003726
2026-08-14 22:35:21.215 | INFO     | scraper.tasks:_scrape_target:50 - [tofler] page 1: 30 records
2026-08-14 22:35:21.269 | INFO     | scraper.browser:stop:48 - Browser closed
2026-08-14 22:37:29.780 | INFO     | scraper.browser:start:41 - Browser launched
2026-08-14 22:37:29.780 | INFO     | scraper.browser:start:41 - Browser launched
2026-08-14 22:37:36.134 | INFO     | scraper.tasks:_scrape_target:38 - [tofler] Scraping company: https://www.tofler.in/omansh-enterprises-limited/company/L01100DL1974PLC241646
2026-08-14 22:37:42.725 | INFO     | scraper.tasks:_scrape_target:38 - [tofler] Scraping company: https://www.tofler.in/pajson-agro-india-limited/company/L01100DL2021PLC386740
2026-08-14 22:37:46.243 | WARNING  | scraper.proxy_manager:mark_bad:47 - Proxy flagged, cooling down 300s: http://35jovid14xin:***@151.123.176.200:3129
2026-08-14 22:37:48.674 | INFO     | scraper.tasks:_scrape_target:38 - [tofler] Scraping company: https://www.tofler.in/continental-seeds-and-chemicals-limited/company/L01111DL1983PLC015969
2026-08-14 22:38:00.604 | INFO     | scraper.tasks:_scrape_target:38 - [tofler] Scraping company: https://www.tofler.in/semaya-limited/company/L01111DL1985PLC021268
2026-08-14 22:38:04.803 | WARNING  | scraper.proxy_manager:mark_bad:47 - Proxy flagged, cooling down 300s: http://35jovid14xin:***@65.111.2.54:3129
2026-08-14 22:38:11.716 | INFO     | scraper.tasks:_scrape_target:38 - [tofler] Scraping company: https://www.tofler.in/krbl-limited/company/L01111DL1993PLC052845
2026-08-14 22:38:22.709 | INFO     | scraper.tasks:_scrape_target:38 - [tofler] Scraping company: https://www.tofler.in/dr-m-induscorp-limited/company/L01119DL1986PLC023698
2026-08-14 22:38:22.996 | WARNING  | scraper.proxy_manager:mark_bad:47 - Proxy flagged, cooling down 300s: http://35jovid14xin:***@45.3.42.206:3129
2026-08-14 22:38:23.047 | INFO     | scraper.browser:stop:48 - Browser closed
2026-08-14 22:38:23.048 | ERROR    | scraper.tasks:scrape_single_target:82 - [example_site] scrape failed: RetryError[<Future at 0x10b2efb10 state=finished raised TimeoutError>]
2026-08-14 22:38:28.500 | INFO     | scraper.tasks:_scrape_target:38 - [tofler] Scraping company: https://www.tofler.in/hindustan-agrigentics-limited/company/L01119DL1990PLC040979
2026-08-14 22:38:35.532 | INFO     | scraper.tasks:_scrape_target:38 - [tofler] Scraping company: https://www.tofler.in/aayush-wellness-limited/company/L01122DL1984PLC018307
2026-08-14 22:38:43.658 | INFO     | scraper.tasks:_scrape_target:38 - [tofler] Scraping company: https://www.tofler.in/sc-agrotech-limited/company/L01122DL1990PLC042207
2026-08-14 22:38:51.656 | INFO     | scraper.tasks:_scrape_target:38 - [tofler] Scraping company: https://www.tofler.in/shivamshree-businesses-limited/company/L01403DL1983PLC015704
2026-08-14 22:38:58.388 | INFO     | scraper.tasks:_scrape_target:38 - [tofler] Scraping company: https://www.tofler.in/fratelli-vineyards-limited/company/L11020DL2009PLC186397
2026-08-14 22:39:04.959 | INFO     | scraper.tasks:_scrape_target:38 - [tofler] Scraping company: https://www.tofler.in/landmark-property-development-company-limited/company/L13100DL1976PLC188942
2026-08-14 22:39:16.466 | INFO     | scraper.tasks:_scrape_target:38 - [tofler] Scraping company: https://www.tofler.in/spl-industries-limited/company/L13139DL1991PLC062744
2026-08-14 22:39:23.735 | INFO     | scraper.browser:start:41 - Browser launched
2026-08-14 22:39:23.926 | INFO     | scraper.tasks:_scrape_target:38 - [tofler] Scraping company: https://www.tofler.in/sajjan-commercial-enterprises-ltd/company/L13203DL1985PLC021536
2026-08-14 22:39:30.896 | INFO     | scraper.tasks:_scrape_target:38 - [tofler] Scraping company: https://www.tofler.in/hoac-foods-india-limited/company/L15120DL2018PLC330739
2026-08-14 22:39:39.088 | INFO     | scraper.tasks:_scrape_target:38 - [tofler] Scraping company: https://www.tofler.in/devyani-international-limited/company/L15135DL1991PLC046758
2026-08-14 22:39:40.353 | WARNING  | scraper.proxy_manager:mark_bad:47 - Proxy flagged, cooling down 300s: http://35jovid14xin:***@65.111.4.104:3129
2026-08-14 22:39:44.073 | INFO     | scraper.tasks:_scrape_target:38 - [tofler] Scraping company: https://www.tofler.in/modi-naturals-limited/company/L15142DL1974PLC007349
2026-08-14 22:39:50.722 | INFO     | scraper.tasks:_scrape_target:38 - [tofler] Scraping company: https://www.tofler.in/reliance-infotek-limited/company/L15142DL1987PLC029899
2026-08-14 22:39:57.158 | INFO     | scraper.tasks:_scrape_target:38 - [tofler] Scraping company: https://www.tofler.in/tarai-foods-limited/company/L15142DL1990PLC039291
2026-08-14 22:39:58.894 | WARNING  | scraper.proxy_manager:mark_bad:47 - Proxy flagged, cooling down 300s: http://35jovid14xin:***@45.3.41.44:3129
2026-08-14 22:40:04.889 | INFO     | scraper.tasks:_scrape_target:38 - [tofler] Scraping company: https://www.tofler.in/superior-industrial-enterprises-limited/company/L15142DL1991PLC046469
2026-08-14 22:40:13.906 | INFO     | scraper.tasks:_scrape_target:38 - [tofler] Scraping company: https://www.tofler.in/nestle-india-limited/company/L15202DL1959PLC003786
2026-08-14 22:40:17.065 | WARNING  | scraper.proxy_manager:mark_bad:47 - Proxy flagged, cooling down 300s: http://35jovid14xin:***@65.111.27.242:3129
2026-08-14 22:40:17.124 | INFO     | scraper.browser:stop:48 - Browser closed
2026-08-14 22:40:17.125 | ERROR    | scraper.tasks:scrape_single_target:82 - [example_site] scrape failed: RetryError[<Future at 0x10b35a990 state=finished raised TimeoutError>]
2026-08-14 22:40:21.444 | INFO     | scraper.tasks:_scrape_target:38 - [tofler] Scraping company: https://www.tofler.in/mahavira-foods-limited/company/L15310DL1988PLC033651
2026-08-14 22:40:28.236 | INFO     | scraper.tasks:_scrape_target:38 - [tofler] Scraping company: https://www.tofler.in/kumar-food-industries-limited/company/L15310DL1991PLC043456
2026-08-14 22:40:36.662 | INFO     | scraper.tasks:_scrape_target:38 - [tofler] Scraping company: https://www.tofler.in/focus-industrial-resources-limited/company/L15319DL1985PLC021348
2026-08-14 22:40:49.688 | INFO     | scraper.tasks:_scrape_target:38 - [tofler] Scraping company: https://www.tofler.in/mahaan-foods-limited/company/L15419DL1987PLC350285
2026-08-14 22:40:56.269 | INFO     | scraper.tasks:_scrape_target:38 - [tofler] Scraping company: https://www.tofler.in/visisth-chay-vyapar-limited/company/L15491DL1985PLC019848
2026-08-14 22:41:02.619 | INFO     | scraper.tasks:_scrape_target:38 - [tofler] Scraping company: https://www.tofler.in/regent-enterprises-limited/company/L15500DL1994PLC153183
2026-08-14 22:41:10.930 | INFO     | scraper.tasks:_scrape_target:38 - [tofler] Scraping company: https://www.tofler.in/lacy-limited/company/L15511DL1985PLC021272
2026-08-14 22:41:17.837 | INFO     | scraper.browser:start:41 - Browser launched
2026-08-14 22:41:18.002 | INFO     | scraper.tasks:_scrape_target:38 - [tofler] Scraping company: https://www.tofler.in/hindustan-breweries-and-bottling-limited/company/L15549DL1909PLC005478
2026-08-14 22:41:23.545 | INFO     | scraper.tasks:_scrape_target:38 - [tofler] Scraping company: https://www.tofler.in/john-oakey-and-mohan-limited/company/L15549DL1962PLC003726
2026-08-14 22:41:31.027 | INFO     | scraper.tasks:_scrape_target:50 - [tofler] page 1: 30 records
2026-08-14 22:41:31.058 | INFO     | scraper.browser:stop:48 - Browser closed
2026-08-14 22:41:34.485 | WARNING  | scraper.proxy_manager:mark_bad:47 - Proxy flagged, cooling down 300s: http://35jovid14xin:***@216.26.233.75:3129
2026-08-14 22:41:52.984 | WARNING  | scraper.proxy_manager:mark_bad:47 - Proxy flagged, cooling down 300s: http://35jovid14xin:***@104.167.25.127:3129
2026-08-14 22:42:11.626 | WARNING  | scraper.proxy_manager:mark_bad:47 - Proxy flagged, cooling down 300s: http://35jovid14xin:***@65.111.11.12:3129
2026-08-14 22:42:11.676 | INFO     | scraper.browser:stop:48 - Browser closed
2026-08-14 22:42:11.677 | ERROR    | scraper.tasks:scrape_single_target:82 - [example_site] scrape failed: RetryError[<Future at 0x10b54bd10 state=finished raised TimeoutError>]
2026-08-14 22:46:50.864 | INFO     | scraper.browser:start:41 - Browser launched
2026-08-14 22:46:58.727 | INFO     | scraper.tasks:_scrape_target:38 - [tofler] Scraping company: https://www.tofler.in/omansh-enterprises-limited/company/L01100DL1974PLC241646
2026-08-14 22:47:07.677 | INFO     | scraper.tasks:_scrape_target:38 - [tofler] Scraping company: https://www.tofler.in/pajson-agro-india-limited/company/L01100DL2021PLC386740
2026-08-14 22:47:15.590 | INFO     | scraper.tasks:_scrape_target:38 - [tofler] Scraping company: https://www.tofler.in/continental-seeds-and-chemicals-limited/company/L01111DL1983PLC015969
2026-08-14 22:47:25.097 | INFO     | scraper.tasks:_scrape_target:38 - [tofler] Scraping company: https://www.tofler.in/semaya-limited/company/L01111DL1985PLC021268
2026-08-14 22:47:32.381 | INFO     | scraper.tasks:_scrape_target:38 - [tofler] Scraping company: https://www.tofler.in/krbl-limited/company/L01111DL1993PLC052845
2026-08-14 22:47:40.526 | INFO     | scraper.tasks:_scrape_target:38 - [tofler] Scraping company: https://www.tofler.in/dr-m-induscorp-limited/company/L01119DL1986PLC023698
2026-08-14 22:47:48.648 | INFO     | scraper.tasks:_scrape_target:38 - [tofler] Scraping company: https://www.tofler.in/hindustan-agrigentics-limited/company/L01119DL1990PLC040979
2026-08-14 22:47:55.824 | INFO     | scraper.tasks:_scrape_target:38 - [tofler] Scraping company: https://www.tofler.in/aayush-wellness-limited/company/L01122DL1984PLC018307
2026-08-14 22:48:45.539 | INFO     | scraper.browser:start:41 - Browser launched
2026-08-14 22:48:53.015 | INFO     | scraper.tasks:_scrape_target:38 - [tofler] Scraping company: https://www.tofler.in/omansh-enterprises-limited/company/L01100DL1974PLC241646
2026-08-14 22:49:04.695 | INFO     | scraper.tasks:_scrape_target:38 - [tofler] Scraping company: https://www.tofler.in/pajson-agro-india-limited/company/L01100DL2021PLC386740
2026-08-14 22:49:16.633 | INFO     | scraper.tasks:_scrape_target:38 - [tofler] Scraping company: https://www.tofler.in/continental-seeds-and-chemicals-limited/company/L01111DL1983PLC015969
2026-08-14 22:49:22.783 | INFO     | scraper.tasks:_scrape_target:38 - [tofler] Scraping company: https://www.tofler.in/semaya-limited/company/L01111DL1985PLC021268
2026-08-14 22:49:29.063 | INFO     | scraper.tasks:_scrape_target:38 - [tofler] Scraping company: https://www.tofler.in/krbl-limited/company/L01111DL1993PLC052845
2026-08-14 22:49:35.123 | INFO     | scraper.tasks:_scrape_target:38 - [tofler] Scraping company: https://www.tofler.in/dr-m-induscorp-limited/company/L01119DL1986PLC023698
2026-08-14 22:49:42.331 | INFO     | scraper.tasks:_scrape_target:38 - [tofler] Scraping company: https://www.tofler.in/hindustan-agrigentics-limited/company/L01119DL1990PLC040979
2026-08-14 22:49:49.379 | INFO     | scraper.tasks:_scrape_target:38 - [tofler] Scraping company: https://www.tofler.in/aayush-wellness-limited/company/L01122DL1984PLC018307
2026-08-14 22:49:57.645 | INFO     | scraper.tasks:_scrape_target:38 - [tofler] Scraping company: https://www.tofler.in/sc-agrotech-limited/company/L01122DL1990PLC042207
2026-08-14 22:50:04.679 | INFO     | scraper.tasks:_scrape_target:38 - [tofler] Scraping company: https://www.tofler.in/shivamshree-businesses-limited/company/L01403DL1983PLC015704
2026-08-14 22:50:12.107 | INFO     | scraper.tasks:_scrape_target:38 - [tofler] Scraping company: https://www.tofler.in/fratelli-vineyards-limited/company/L11020DL2009PLC186397
2026-08-14 22:50:19.367 | INFO     | scraper.tasks:_scrape_target:38 - [tofler] Scraping company: https://www.tofler.in/landmark-property-development-company-limited/company/L13100DL1976PLC188942
2026-08-14 22:50:27.478 | INFO     | scraper.tasks:_scrape_target:38 - [tofler] Scraping company: https://www.tofler.in/spl-industries-limited/company/L13139DL1991PLC062744
2026-08-14 22:50:34.780 | INFO     | scraper.tasks:_scrape_target:38 - [tofler] Scraping company: https://www.tofler.in/sajjan-commercial-enterprises-ltd/company/L13203DL1985PLC021536
2026-08-14 22:51:38.397 | INFO     | scraper.browser:start:41 - Browser launched
2026-08-14 22:51:45.090 | INFO     | scraper.tasks:_scrape_target:38 - [tofler] Scraping company: https://www.tofler.in/omansh-enterprises-limited/company/L01100DL1974PLC241646
2026-08-14 22:51:53.937 | INFO     | scraper.tasks:_scrape_target:38 - [tofler] Scraping company: https://www.tofler.in/pajson-agro-india-limited/company/L01100DL2021PLC386740
2026-08-14 22:52:00.285 | INFO     | scraper.tasks:_scrape_target:38 - [tofler] Scraping company: https://www.tofler.in/continental-seeds-and-chemicals-limited/company/L01111DL1983PLC015969
2026-08-14 22:52:08.732 | INFO     | scraper.tasks:_scrape_target:38 - [tofler] Scraping company: https://www.tofler.in/semaya-limited/company/L01111DL1985PLC021268
2026-08-14 22:52:16.606 | INFO     | scraper.tasks:_scrape_target:38 - [tofler] Scraping company: https://www.tofler.in/krbl-limited/company/L01111DL1993PLC052845
2026-08-14 22:52:24.834 | INFO     | scraper.tasks:_scrape_target:38 - [tofler] Scraping company: https://www.tofler.in/dr-m-induscorp-limited/company/L01119DL1986PLC023698
2026-08-14 22:52:31.639 | INFO     | scraper.tasks:_scrape_target:38 - [tofler] Scraping company: https://www.tofler.in/hindustan-agrigentics-limited/company/L01119DL1990PLC040979
2026-08-14 22:52:38.638 | INFO     | scraper.tasks:_scrape_target:38 - [tofler] Scraping company: https://www.tofler.in/aayush-wellness-limited/company/L01122DL1984PLC018307
2026-08-14 22:52:46.412 | INFO     | scraper.tasks:_scrape_target:38 - [tofler] Scraping company: https://www.tofler.in/sc-agrotech-limited/company/L01122DL1990PLC042207
2026-08-14 22:52:52.337 | INFO     | scraper.tasks:_scrape_target:38 - [tofler] Scraping company: https://www.tofler.in/shivamshree-businesses-limited/company/L01403DL1983PLC015704
2026-08-14 22:53:00.933 | INFO     | scraper.tasks:_scrape_target:38 - [tofler] Scraping company: https://www.tofler.in/fratelli-vineyards-limited/company/L11020DL2009PLC186397
2026-08-14 22:53:07.883 | INFO     | scraper.tasks:_scrape_target:38 - [tofler] Scraping company: https://www.tofler.in/landmark-property-development-company-limited/company/L13100DL1976PLC188942
2026-08-14 22:53:13.451 | INFO     | scraper.tasks:_scrape_target:38 - [tofler] Scraping company: https://www.tofler.in/spl-industries-limited/company/L13139DL1991PLC062744
2026-08-14 22:53:21.709 | INFO     | scraper.tasks:_scrape_target:38 - [tofler] Scraping company: https://www.tofler.in/sajjan-commercial-enterprises-ltd/company/L13203DL1985PLC021536
2026-08-14 22:53:29.228 | INFO     | scraper.tasks:_scrape_target:38 - [tofler] Scraping company: https://www.tofler.in/hoac-foods-india-limited/company/L15120DL2018PLC330739
2026-08-14 22:53:39.891 | INFO     | scraper.tasks:_scrape_target:38 - [tofler] Scraping company: https://www.tofler.in/devyani-international-limited/company/L15135DL1991PLC046758
2026-08-14 22:53:45.968 | INFO     | scraper.tasks:_scrape_target:38 - [tofler] Scraping company: https://www.tofler.in/modi-naturals-limited/company/L15142DL1974PLC007349
2026-08-14 22:53:53.361 | INFO     | scraper.tasks:_scrape_target:38 - [tofler] Scraping company: https://www.tofler.in/reliance-infotek-limited/company/L15142DL1987PLC029899
2026-08-14 22:54:03.566 | INFO     | scraper.tasks:_scrape_target:38 - [tofler] Scraping company: https://www.tofler.in/tarai-foods-limited/company/L15142DL1990PLC039291
2026-08-14 22:54:10.162 | INFO     | scraper.tasks:_scrape_target:38 - [tofler] Scraping company: https://www.tofler.in/superior-industrial-enterprises-limited/company/L15142DL1991PLC046469
2026-08-14 22:54:18.389 | INFO     | scraper.tasks:_scrape_target:38 - [tofler] Scraping company: https://www.tofler.in/nestle-india-limited/company/L15202DL1959PLC003786
2026-08-14 22:54:25.713 | INFO     | scraper.tasks:_scrape_target:38 - [tofler] Scraping company: https://www.tofler.in/mahavira-foods-limited/company/L15310DL1988PLC033651
2026-08-14 22:54:34.158 | INFO     | scraper.tasks:_scrape_target:38 - [tofler] Scraping company: https://www.tofler.in/kumar-food-industries-limited/company/L15310DL1991PLC043456
2026-08-14 22:59:03.677 | INFO     | scraper.browser:start:41 - Browser launched
2026-08-14 22:59:11.102 | INFO     | scraper.tasks:_scrape_target:38 - [tofler] Scraping company: https://www.tofler.in/omansh-enterprises-limited/company/L01100DL1974PLC241646
2026-08-14 22:59:17.200 | INFO     | scraper.tasks:_scrape_target:38 - [tofler] Scraping company: https://www.tofler.in/pajson-agro-india-limited/company/L01100DL2021PLC386740
2026-08-14 22:59:22.948 | INFO     | scraper.tasks:_scrape_target:38 - [tofler] Scraping company: https://www.tofler.in/continental-seeds-and-chemicals-limited/company/L01111DL1983PLC015969
2026-08-14 22:59:34.198 | INFO     | scraper.tasks:_scrape_target:38 - [tofler] Scraping company: https://www.tofler.in/semaya-limited/company/L01111DL1985PLC021268
2026-08-14 22:59:40.756 | INFO     | scraper.tasks:_scrape_target:38 - [tofler] Scraping company: https://www.tofler.in/krbl-limited/company/L01111DL1993PLC052845
2026-08-14 22:59:51.956 | INFO     | scraper.tasks:_scrape_target:38 - [tofler] Scraping company: https://www.tofler.in/dr-m-induscorp-limited/company/L01119DL1986PLC023698
2026-08-14 22:59:58.861 | INFO     | scraper.tasks:_scrape_target:38 - [tofler] Scraping company: https://www.tofler.in/hindustan-agrigentics-limited/company/L01119DL1990PLC040979
2026-08-14 23:00:04.810 | INFO     | scraper.tasks:_scrape_target:38 - [tofler] Scraping company: https://www.tofler.in/aayush-wellness-limited/company/L01122DL1984PLC018307
2026-08-14 23:00:13.638 | INFO     | scraper.tasks:_scrape_target:38 - [tofler] Scraping company: https://www.tofler.in/sc-agrotech-limited/company/L01122DL1990PLC042207
2026-08-14 23:00:19.625 | INFO     | scraper.tasks:_scrape_target:38 - [tofler] Scraping company: https://www.tofler.in/shivamshree-businesses-limited/company/L01403DL1983PLC015704
2026-08-14 23:00:25.751 | INFO     | scraper.tasks:_scrape_target:38 - [tofler] Scraping company: https://www.tofler.in/fratelli-vineyards-limited/company/L11020DL2009PLC186397
2026-08-14 23:00:33.058 | INFO     | scraper.tasks:_scrape_target:38 - [tofler] Scraping company: https://www.tofler.in/landmark-property-development-company-limited/company/L13100DL1976PLC188942
2026-08-14 23:00:39.744 | INFO     | scraper.tasks:_scrape_target:38 - [tofler] Scraping company: https://www.tofler.in/spl-industries-limited/company/L13139DL1991PLC062744
2026-08-14 23:00:48.008 | INFO     | scraper.tasks:_scrape_target:38 - [tofler] Scraping company: https://www.tofler.in/sajjan-commercial-enterprises-ltd/company/L13203DL1985PLC021536
2026-08-14 23:00:58.308 | INFO     | scraper.tasks:_scrape_target:38 - [tofler] Scraping company: https://www.tofler.in/hoac-foods-india-limited/company/L15120DL2018PLC330739
2026-08-14 23:01:10.229 | INFO     | scraper.tasks:_scrape_target:38 - [tofler] Scraping company: https://www.tofler.in/devyani-international-limited/company/L15135DL1991PLC046758
2026-08-14 23:01:15.977 | INFO     | scraper.tasks:_scrape_target:38 - [tofler] Scraping company: https://www.tofler.in/modi-naturals-limited/company/L15142DL1974PLC007349
2026-08-14 23:01:22.404 | INFO     | scraper.tasks:_scrape_target:38 - [tofler] Scraping company: https://www.tofler.in/reliance-infotek-limited/company/L15142DL1987PLC029899
2026-08-14 23:01:31.280 | INFO     | scraper.tasks:_scrape_target:38 - [tofler] Scraping company: https://www.tofler.in/tarai-foods-limited/company/L15142DL1990PLC039291
2026-08-14 23:01:38.099 | INFO     | scraper.tasks:_scrape_target:38 - [tofler] Scraping company: https://www.tofler.in/superior-industrial-enterprises-limited/company/L15142DL1991PLC046469
2026-08-14 23:01:45.901 | INFO     | scraper.tasks:_scrape_target:38 - [tofler] Scraping company: https://www.tofler.in/nestle-india-limited/company/L15202DL1959PLC003786
2026-08-14 23:01:53.891 | INFO     | scraper.tasks:_scrape_target:38 - [tofler] Scraping company: https://www.tofler.in/mahavira-foods-limited/company/L15310DL1988PLC033651
2026-08-14 23:01:59.029 | INFO     | scraper.tasks:_scrape_target:38 - [tofler] Scraping company: https://www.tofler.in/kumar-food-industries-limited/company/L15310DL1991PLC043456
2026-08-14 23:02:08.435 | INFO     | scraper.tasks:_scrape_target:38 - [tofler] Scraping company: https://www.tofler.in/focus-industrial-resources-limited/company/L15319DL1985PLC021348
2026-08-14 23:02:15.219 | INFO     | scraper.tasks:_scrape_target:38 - [tofler] Scraping company: https://www.tofler.in/mahaan-foods-limited/company/L15419DL1987PLC350285
2026-08-14 23:02:27.893 | INFO     | scraper.tasks:_scrape_target:38 - [tofler] Scraping company: https://www.tofler.in/visisth-chay-vyapar-limited/company/L15491DL1985PLC019848
2026-08-14 23:02:35.335 | INFO     | scraper.tasks:_scrape_target:38 - [tofler] Scraping company: https://www.tofler.in/regent-enterprises-limited/company/L15500DL1994PLC153183
2026-08-14 23:02:43.937 | INFO     | scraper.tasks:_scrape_target:38 - [tofler] Scraping company: https://www.tofler.in/lacy-limited/company/L15511DL1985PLC021272
2026-08-14 23:02:50.217 | INFO     | scraper.tasks:_scrape_target:38 - [tofler] Scraping company: https://www.tofler.in/hindustan-breweries-and-bottling-limited/company/L15549DL1909PLC005478
2026-08-14 23:02:57.478 | INFO     | scraper.tasks:_scrape_target:38 - [tofler] Scraping company: https://www.tofler.in/john-oakey-and-mohan-limited/company/L15549DL1962PLC003726
2026-08-14 23:03:06.196 | INFO     | scraper.tasks:_scrape_target:50 - [tofler] page 1: 30 records
2026-08-14 23:03:06.255 | INFO     | scraper.browser:stop:48 - Browser closed
2026-08-14 23:07:54.517 | INFO     | scraper.browser:start:41 - Browser launched
2026-08-14 23:07:59.889 | INFO     | scraper.tasks:_scrape_target:38 - [tofler] Scraping company: https://www.tofler.in/omansh-enterprises-limited/company/L01100DL1974PLC241646
2026-08-14 23:08:10.469 | INFO     | scraper.tasks:_scrape_target:38 - [tofler] Scraping company: https://www.tofler.in/pajson-agro-india-limited/company/L01100DL2021PLC386740
2026-08-14 23:08:19.471 | INFO     | scraper.tasks:_scrape_target:38 - [tofler] Scraping company: https://www.tofler.in/continental-seeds-and-chemicals-limited/company/L01111DL1983PLC015969
2026-08-14 23:08:32.041 | INFO     | scraper.tasks:_scrape_target:38 - [tofler] Scraping company: https://www.tofler.in/semaya-limited/company/L01111DL1985PLC021268
2026-08-14 23:08:37.400 | INFO     | scraper.tasks:_scrape_target:38 - [tofler] Scraping company: https://www.tofler.in/krbl-limited/company/L01111DL1993PLC052845
2026-08-14 23:08:49.120 | INFO     | scraper.tasks:_scrape_target:38 - [tofler] Scraping company: https://www.tofler.in/dr-m-induscorp-limited/company/L01119DL1986PLC023698
2026-08-14 23:08:55.734 | INFO     | scraper.tasks:_scrape_target:38 - [tofler] Scraping company: https://www.tofler.in/hindustan-agrigentics-limited/company/L01119DL1990PLC040979
2026-08-14 23:09:04.648 | INFO     | scraper.tasks:_scrape_target:38 - [tofler] Scraping company: https://www.tofler.in/aayush-wellness-limited/company/L01122DL1984PLC018307
2026-08-14 23:09:13.051 | INFO     | scraper.tasks:_scrape_target:38 - [tofler] Scraping company: https://www.tofler.in/sc-agrotech-limited/company/L01122DL1990PLC042207
2026-08-14 23:09:19.907 | INFO     | scraper.tasks:_scrape_target:38 - [tofler] Scraping company: https://www.tofler.in/shivamshree-businesses-limited/company/L01403DL1983PLC015704
2026-08-14 23:09:30.285 | INFO     | scraper.tasks:_scrape_target:38 - [tofler] Scraping company: https://www.tofler.in/fratelli-vineyards-limited/company/L11020DL2009PLC186397
2026-08-14 23:09:36.276 | INFO     | scraper.tasks:_scrape_target:38 - [tofler] Scraping company: https://www.tofler.in/landmark-property-development-company-limited/company/L13100DL1976PLC188942
2026-08-14 23:09:42.300 | INFO     | scraper.tasks:_scrape_target:38 - [tofler] Scraping company: https://www.tofler.in/spl-industries-limited/company/L13139DL1991PLC062744
2026-08-14 23:09:52.233 | INFO     | scraper.tasks:_scrape_target:38 - [tofler] Scraping company: https://www.tofler.in/sajjan-commercial-enterprises-ltd/company/L13203DL1985PLC021536
2026-08-14 23:10:02.536 | INFO     | scraper.tasks:_scrape_target:38 - [tofler] Scraping company: https://www.tofler.in/hoac-foods-india-limited/company/L15120DL2018PLC330739
2026-08-14 23:10:09.172 | INFO     | scraper.tasks:_scrape_target:38 - [tofler] Scraping company: https://www.tofler.in/devyani-international-limited/company/L15135DL1991PLC046758
2026-08-14 23:10:16.157 | INFO     | scraper.tasks:_scrape_target:38 - [tofler] Scraping company: https://www.tofler.in/modi-naturals-limited/company/L15142DL1974PLC007349
2026-08-14 23:10:22.473 | INFO     | scraper.tasks:_scrape_target:38 - [tofler] Scraping company: https://www.tofler.in/reliance-infotek-limited/company/L15142DL1987PLC029899
2026-08-14 23:10:27.780 | INFO     | scraper.tasks:_scrape_target:38 - [tofler] Scraping company: https://www.tofler.in/tarai-foods-limited/company/L15142DL1990PLC039291
2026-08-14 23:10:38.313 | INFO     | scraper.tasks:_scrape_target:38 - [tofler] Scraping company: https://www.tofler.in/superior-industrial-enterprises-limited/company/L15142DL1991PLC046469
2026-08-14 23:10:43.447 | INFO     | scraper.tasks:_scrape_target:38 - [tofler] Scraping company: https://www.tofler.in/nestle-india-limited/company/L15202DL1959PLC003786
2026-08-14 23:10:48.863 | INFO     | scraper.tasks:_scrape_target:38 - [tofler] Scraping company: https://www.tofler.in/mahavira-foods-limited/company/L15310DL1988PLC033651
2026-08-14 23:10:57.111 | INFO     | scraper.tasks:_scrape_target:38 - [tofler] Scraping company: https://www.tofler.in/kumar-food-industries-limited/company/L15310DL1991PLC043456
2026-08-14 23:11:03.234 | INFO     | scraper.tasks:_scrape_target:38 - [tofler] Scraping company: https://www.tofler.in/focus-industrial-resources-limited/company/L15319DL1985PLC021348
2026-08-14 23:11:15.438 | INFO     | scraper.tasks:_scrape_target:38 - [tofler] Scraping company: https://www.tofler.in/mahaan-foods-limited/company/L15419DL1987PLC350285
2026-08-14 23:11:26.333 | INFO     | scraper.tasks:_scrape_target:38 - [tofler] Scraping company: https://www.tofler.in/visisth-chay-vyapar-limited/company/L15491DL1985PLC019848
2026-08-14 23:11:37.999 | INFO     | scraper.tasks:_scrape_target:38 - [tofler] Scraping company: https://www.tofler.in/regent-enterprises-limited/company/L15500DL1994PLC153183
2026-08-14 23:11:49.945 | INFO     | scraper.tasks:_scrape_target:38 - [tofler] Scraping company: https://www.tofler.in/lacy-limited/company/L15511DL1985PLC021272
2026-08-14 23:11:55.137 | INFO     | scraper.tasks:_scrape_target:38 - [tofler] Scraping company: https://www.tofler.in/hindustan-breweries-and-bottling-limited/company/L15549DL1909PLC005478
2026-08-14 23:12:01.726 | INFO     | scraper.tasks:_scrape_target:38 - [tofler] Scraping company: https://www.tofler.in/john-oakey-and-mohan-limited/company/L15549DL1962PLC003726
2026-08-14 23:12:12.929 | INFO     | scraper.tasks:_scrape_target:50 - [tofler] page 1: 30 records
2026-08-14 23:12:13.042 | INFO     | scraper.browser:stop:48 - Browser closed
2026-08-14 23:19:19.226 | INFO     | scraper.browser:start:41 - Browser launched
2026-08-14 23:19:26.262 | INFO     | scraper.tasks:_scrape_target:38 - [tofler] Scraping company: https://www.tofler.in/omansh-enterprises-limited/company/L01100DL1974PLC241646
2026-08-14 23:19:34.261 | INFO     | scraper.tasks:_scrape_target:38 - [tofler] Scraping company: https://www.tofler.in/pajson-agro-india-limited/company/L01100DL2021PLC386740
2026-08-14 23:19:41.123 | INFO     | scraper.tasks:_scrape_target:38 - [tofler] Scraping company: https://www.tofler.in/continental-seeds-and-chemicals-limited/company/L01111DL1983PLC015969
2026-08-14 23:19:47.164 | INFO     | scraper.tasks:_scrape_target:38 - [tofler] Scraping company: https://www.tofler.in/semaya-limited/company/L01111DL1985PLC021268
2026-08-14 23:19:57.702 | INFO     | scraper.tasks:_scrape_target:38 - [tofler] Scraping company: https://www.tofler.in/krbl-limited/company/L01111DL1993PLC052845
2026-08-14 23:20:05.217 | INFO     | scraper.tasks:_scrape_target:38 - [tofler] Scraping company: https://www.tofler.in/dr-m-induscorp-limited/company/L01119DL1986PLC023698
2026-08-14 23:20:11.158 | INFO     | scraper.tasks:_scrape_target:38 - [tofler] Scraping company: https://www.tofler.in/hindustan-agrigentics-limited/company/L01119DL1990PLC040979
2026-08-14 23:20:18.612 | INFO     | scraper.tasks:_scrape_target:38 - [tofler] Scraping company: https://www.tofler.in/aayush-wellness-limited/company/L01122DL1984PLC018307
2026-08-14 23:20:24.848 | INFO     | scraper.tasks:_scrape_target:38 - [tofler] Scraping company: https://www.tofler.in/sc-agrotech-limited/company/L01122DL1990PLC042207
2026-08-14 23:20:31.651 | INFO     | scraper.tasks:_scrape_target:38 - [tofler] Scraping company: https://www.tofler.in/shivamshree-businesses-limited/company/L01403DL1983PLC015704
2026-08-14 23:20:38.629 | INFO     | scraper.tasks:_scrape_target:38 - [tofler] Scraping company: https://www.tofler.in/fratelli-vineyards-limited/company/L11020DL2009PLC186397
2026-08-14 23:20:47.051 | INFO     | scraper.tasks:_scrape_target:38 - [tofler] Scraping company: https://www.tofler.in/landmark-property-development-company-limited/company/L13100DL1976PLC188942
2026-08-14 23:20:55.030 | INFO     | scraper.tasks:_scrape_target:38 - [tofler] Scraping company: https://www.tofler.in/spl-industries-limited/company/L13139DL1991PLC062744
2026-08-14 23:21:00.961 | WARNING  | scraper.tasks:_scrape_target:44 - [tofler] Failed to scrape company https://www.tofler.in/spl-industries-limited/company/L13139DL1991PLC062744: : Connection closed while reading from the driver
2026-08-14 23:21:00.967 | INFO     | scraper.tasks:_scrape_target:38 - [tofler] Scraping company: https://www.tofler.in/sajjan-commercial-enterprises-ltd/company/L13203DL1985PLC021536
2026-08-14 23:21:00.973 | WARNING  | scraper.tasks:_scrape_target:44 - [tofler] Failed to scrape company https://www.tofler.in/sajjan-commercial-enterprises-ltd/company/L13203DL1985PLC021536: Browser.new_context: Connection closed while reading from the driver
2026-08-14 23:21:00.976 | INFO     | scraper.tasks:_scrape_target:38 - [tofler] Scraping company: https://www.tofler.in/hoac-foods-india-limited/company/L15120DL2018PLC330739
2026-08-14 23:21:00.982 | WARNING  | scraper.tasks:_scrape_target:44 - [tofler] Failed to scrape company https://www.tofler.in/hoac-foods-india-limited/company/L15120DL2018PLC330739: Browser.new_context: Connection closed while reading from the driver
2026-08-14 23:21:00.984 | INFO     | scraper.tasks:_scrape_target:38 - [tofler] Scraping company: https://www.tofler.in/devyani-international-limited/company/L15135DL1991PLC046758
2026-08-14 23:21:00.988 | WARNING  | scraper.tasks:_scrape_target:44 - [tofler] Failed to scrape company https://www.tofler.in/devyani-international-limited/company/L15135DL1991PLC046758: Browser.new_context: Connection closed while reading from the driver
2026-08-14 23:21:00.990 | INFO     | scraper.tasks:_scrape_target:38 - [tofler] Scraping company: https://www.tofler.in/modi-naturals-limited/company/L15142DL1974PLC007349
2026-08-14 23:21:00.994 | WARNING  | scraper.tasks:_scrape_target:44 - [tofler] Failed to scrape company https://www.tofler.in/modi-naturals-limited/company/L15142DL1974PLC007349: Browser.new_context: Connection closed while reading from the driver
2026-08-14 23:21:00.996 | INFO     | scraper.tasks:_scrape_target:38 - [tofler] Scraping company: https://www.tofler.in/reliance-infotek-limited/company/L15142DL1987PLC029899
2026-08-14 23:21:01.000 | WARNING  | scraper.tasks:_scrape_target:44 - [tofler] Failed to scrape company https://www.tofler.in/reliance-infotek-limited/company/L15142DL1987PLC029899: Browser.new_context: Connection closed while reading from the driver
2026-08-14 23:21:01.001 | INFO     | scraper.tasks:_scrape_target:38 - [tofler] Scraping company: https://www.tofler.in/tarai-foods-limited/company/L15142DL1990PLC039291
2026-08-14 23:21:01.005 | WARNING  | scraper.tasks:_scrape_target:44 - [tofler] Failed to scrape company https://www.tofler.in/tarai-foods-limited/company/L15142DL1990PLC039291: Browser.new_context: Connection closed while reading from the driver
2026-08-14 23:21:01.006 | INFO     | scraper.tasks:_scrape_target:38 - [tofler] Scraping company: https://www.tofler.in/superior-industrial-enterprises-limited/company/L15142DL1991PLC046469
2026-08-14 23:21:01.009 | WARNING  | scraper.tasks:_scrape_target:44 - [tofler] Failed to scrape company https://www.tofler.in/superior-industrial-enterprises-limited/company/L15142DL1991PLC046469: Browser.new_context: Connection closed while reading from the driver
2026-08-14 23:21:01.011 | INFO     | scraper.tasks:_scrape_target:38 - [tofler] Scraping company: https://www.tofler.in/nestle-india-limited/company/L15202DL1959PLC003786
2026-08-14 23:21:01.014 | WARNING  | scraper.tasks:_scrape_target:44 - [tofler] Failed to scrape company https://www.tofler.in/nestle-india-limited/company/L15202DL1959PLC003786: Browser.new_context: Connection closed while reading from the driver
2026-08-14 23:21:01.015 | INFO     | scraper.tasks:_scrape_target:38 - [tofler] Scraping company: https://www.tofler.in/mahavira-foods-limited/company/L15310DL1988PLC033651
2026-08-14 23:21:01.018 | WARNING  | scraper.tasks:_scrape_target:44 - [tofler] Failed to scrape company https://www.tofler.in/mahavira-foods-limited/company/L15310DL1988PLC033651: Browser.new_context: Connection closed while reading from the driver
2026-08-14 23:21:01.019 | INFO     | scraper.tasks:_scrape_target:38 - [tofler] Scraping company: https://www.tofler.in/kumar-food-industries-limited/company/L15310DL1991PLC043456
2026-08-14 23:21:01.022 | WARNING  | scraper.tasks:_scrape_target:44 - [tofler] Failed to scrape company https://www.tofler.in/kumar-food-industries-limited/company/L15310DL1991PLC043456: Browser.new_context: Connection closed while reading from the driver
2026-08-14 23:21:01.023 | INFO     | scraper.tasks:_scrape_target:38 - [tofler] Scraping company: https://www.tofler.in/focus-industrial-resources-limited/company/L15319DL1985PLC021348
2026-08-14 23:21:01.026 | WARNING  | scraper.tasks:_scrape_target:44 - [tofler] Failed to scrape company https://www.tofler.in/focus-industrial-resources-limited/company/L15319DL1985PLC021348: Browser.new_context: Connection closed while reading from the driver
2026-08-14 23:21:01.027 | INFO     | scraper.tasks:_scrape_target:38 - [tofler] Scraping company: https://www.tofler.in/mahaan-foods-limited/company/L15419DL1987PLC350285
2026-08-14 23:21:01.030 | WARNING  | scraper.tasks:_scrape_target:44 - [tofler] Failed to scrape company https://www.tofler.in/mahaan-foods-limited/company/L15419DL1987PLC350285: Browser.new_context: Connection closed while reading from the driver
2026-08-14 23:21:01.031 | INFO     | scraper.tasks:_scrape_target:38 - [tofler] Scraping company: https://www.tofler.in/visisth-chay-vyapar-limited/company/L15491DL1985PLC019848
2026-08-14 23:21:01.034 | WARNING  | scraper.tasks:_scrape_target:44 - [tofler] Failed to scrape company https://www.tofler.in/visisth-chay-vyapar-limited/company/L15491DL1985PLC019848: Browser.new_context: Connection closed while reading from the driver
2026-08-14 23:21:01.035 | INFO     | scraper.tasks:_scrape_target:38 - [tofler] Scraping company: https://www.tofler.in/regent-enterprises-limited/company/L15500DL1994PLC153183
2026-08-14 23:21:01.037 | WARNING  | scraper.tasks:_scrape_target:44 - [tofler] Failed to scrape company https://www.tofler.in/regent-enterprises-limited/company/L15500DL1994PLC153183: Browser.new_context: Connection closed while reading from the driver
2026-08-14 23:21:01.039 | INFO     | scraper.tasks:_scrape_target:38 - [tofler] Scraping company: https://www.tofler.in/lacy-limited/company/L15511DL1985PLC021272
2026-08-14 23:21:01.041 | WARNING  | scraper.tasks:_scrape_target:44 - [tofler] Failed to scrape company https://www.tofler.in/lacy-limited/company/L15511DL1985PLC021272: Browser.new_context: Connection closed while reading from the driver
2026-08-14 23:21:01.042 | INFO     | scraper.tasks:_scrape_target:38 - [tofler] Scraping company: https://www.tofler.in/hindustan-breweries-and-bottling-limited/company/L15549DL1909PLC005478
2026-08-14 23:21:01.045 | WARNING  | scraper.tasks:_scrape_target:44 - [tofler] Failed to scrape company https://www.tofler.in/hindustan-breweries-and-bottling-limited/company/L15549DL1909PLC005478: Browser.new_context: Connection closed while reading from the driver
2026-08-14 23:21:01.046 | INFO     | scraper.tasks:_scrape_target:38 - [tofler] Scraping company: https://www.tofler.in/john-oakey-and-mohan-limited/company/L15549DL1962PLC003726
2026-08-14 23:21:01.048 | WARNING  | scraper.tasks:_scrape_target:44 - [tofler] Failed to scrape company https://www.tofler.in/john-oakey-and-mohan-limited/company/L15549DL1962PLC003726: Browser.new_context: Connection closed while reading from the driver
2026-08-14 23:21:01.049 | INFO     | scraper.tasks:_scrape_target:50 - [tofler] page 1: 30 records
2026-08-14 23:21:01.056 | ERROR    | scraper.tasks:scrape_single_target:82 - [tofler] scrape failed: Browser.close: Connection closed while reading from the driver
2026-08-14 23:28:42.383 | INFO     | scraper.browser:start:41 - Browser launched
2026-08-14 23:28:49.798 | INFO     | scraper.browser:start:41 - Browser launched
2026-08-14 23:28:49.945 | INFO     | scraper.tasks:_scrape_target:38 - [tofler] Scraping company: https://www.tofler.in/omansh-enterprises-limited/company/L01100DL1974PLC241646
2026-08-14 23:28:55.527 | INFO     | scraper.tasks:_scrape_target:38 - [tofler] Scraping company: https://www.tofler.in/omansh-enterprises-limited/company/L01100DL1974PLC241646
2026-08-14 23:28:57.790 | INFO     | scraper.tasks:_scrape_target:38 - [tofler] Scraping company: https://www.tofler.in/pajson-agro-india-limited/company/L01100DL2021PLC386740
2026-08-14 23:29:03.861 | INFO     | scraper.tasks:_scrape_target:38 - [tofler] Scraping company: https://www.tofler.in/pajson-agro-india-limited/company/L01100DL2021PLC386740
2026-08-14 23:29:05.874 | INFO     | scraper.tasks:_scrape_target:38 - [tofler] Scraping company: https://www.tofler.in/continental-seeds-and-chemicals-limited/company/L01111DL1983PLC015969
2026-08-14 23:29:09.671 | INFO     | scraper.tasks:_scrape_target:38 - [tofler] Scraping company: https://www.tofler.in/continental-seeds-and-chemicals-limited/company/L01111DL1983PLC015969
2026-08-14 23:29:13.242 | INFO     | scraper.tasks:_scrape_target:38 - [tofler] Scraping company: https://www.tofler.in/semaya-limited/company/L01111DL1985PLC021268
2026-08-14 23:29:16.984 | INFO     | scraper.tasks:_scrape_target:38 - [tofler] Scraping company: https://www.tofler.in/semaya-limited/company/L01111DL1985PLC021268
2026-08-14 23:29:19.565 | INFO     | scraper.tasks:_scrape_target:38 - [tofler] Scraping company: https://www.tofler.in/krbl-limited/company/L01111DL1993PLC052845
2026-08-14 23:29:23.250 | INFO     | scraper.tasks:_scrape_target:38 - [tofler] Scraping company: https://www.tofler.in/krbl-limited/company/L01111DL1993PLC052845
2026-08-14 23:29:28.362 | INFO     | scraper.tasks:_scrape_target:38 - [tofler] Scraping company: https://www.tofler.in/dr-m-induscorp-limited/company/L01119DL1986PLC023698
2026-08-14 23:29:29.873 | INFO     | scraper.tasks:_scrape_target:38 - [tofler] Scraping company: https://www.tofler.in/dr-m-induscorp-limited/company/L01119DL1986PLC023698
2026-08-14 23:29:33.853 | INFO     | scraper.tasks:_scrape_target:38 - [tofler] Scraping company: https://www.tofler.in/hindustan-agrigentics-limited/company/L01119DL1990PLC040979
2026-08-14 23:29:37.172 | INFO     | scraper.tasks:_scrape_target:38 - [tofler] Scraping company: https://www.tofler.in/hindustan-agrigentics-limited/company/L01119DL1990PLC040979
2026-08-14 23:29:38.874 | INFO     | scraper.tasks:_scrape_target:38 - [tofler] Scraping company: https://www.tofler.in/aayush-wellness-limited/company/L01122DL1984PLC018307
2026-08-14 23:29:43.214 | INFO     | scraper.tasks:_scrape_target:38 - [tofler] Scraping company: https://www.tofler.in/aayush-wellness-limited/company/L01122DL1984PLC018307
2026-08-14 23:29:45.602 | INFO     | scraper.tasks:_scrape_target:38 - [tofler] Scraping company: https://www.tofler.in/sc-agrotech-limited/company/L01122DL1990PLC042207
2026-08-14 23:29:51.627 | INFO     | scraper.tasks:_scrape_target:38 - [tofler] Scraping company: https://www.tofler.in/sc-agrotech-limited/company/L01122DL1990PLC042207
2026-08-14 23:29:52.486 | INFO     | scraper.tasks:_scrape_target:38 - [tofler] Scraping company: https://www.tofler.in/shivamshree-businesses-limited/company/L01403DL1983PLC015704
2026-08-14 23:29:58.660 | INFO     | scraper.tasks:_scrape_target:38 - [tofler] Scraping company: https://www.tofler.in/fratelli-vineyards-limited/company/L11020DL2009PLC186397
2026-08-14 23:29:59.391 | INFO     | scraper.tasks:_scrape_target:38 - [tofler] Scraping company: https://www.tofler.in/shivamshree-businesses-limited/company/L01403DL1983PLC015704
2026-08-14 23:30:04.635 | INFO     | scraper.tasks:_scrape_target:38 - [tofler] Scraping company: https://www.tofler.in/landmark-property-development-company-limited/company/L13100DL1976PLC188942
2026-08-14 23:30:06.706 | WARNING  | scraper.tasks:_scrape_target:44 - [tofler] Failed to scrape company https://www.tofler.in/landmark-property-development-company-limited/company/L13100DL1976PLC188942: Page.goto: net::ERR_TUNNEL_CONNECTION_FAILED at https://www.tofler.in/landmark-property-development-company-limited/company/L13100DL1976PLC188942
Call log:
navigating to "https://www.tofler.in/landmark-property-development-company-limited/company/L13100DL1976PLC188942", waiting until "domcontentloaded"

2026-08-14 23:30:06.710 | INFO     | scraper.tasks:_scrape_target:38 - [tofler] Scraping company: https://www.tofler.in/spl-industries-limited/company/L13139DL1991PLC062744
2026-08-14 23:30:06.712 | INFO     | scraper.tasks:_scrape_target:38 - [tofler] Scraping company: https://www.tofler.in/fratelli-vineyards-limited/company/L11020DL2009PLC186397
2026-08-14 23:30:15.214 | INFO     | scraper.tasks:_scrape_target:38 - [tofler] Scraping company: https://www.tofler.in/landmark-property-development-company-limited/company/L13100DL1976PLC188942
2026-08-14 23:30:17.051 | INFO     | scraper.tasks:_scrape_target:38 - [tofler] Scraping company: https://www.tofler.in/sajjan-commercial-enterprises-ltd/company/L13203DL1985PLC021536
2026-08-14 23:30:23.932 | INFO     | scraper.tasks:_scrape_target:38 - [tofler] Scraping company: https://www.tofler.in/spl-industries-limited/company/L13139DL1991PLC062744
2026-08-14 23:30:25.005 | INFO     | scraper.tasks:_scrape_target:38 - [tofler] Scraping company: https://www.tofler.in/hoac-foods-india-limited/company/L15120DL2018PLC330739
2026-08-14 23:30:29.362 | INFO     | scraper.tasks:_scrape_target:38 - [tofler] Scraping company: https://www.tofler.in/sajjan-commercial-enterprises-ltd/company/L13203DL1985PLC021536
2026-08-14 23:30:30.610 | INFO     | scraper.tasks:_scrape_target:38 - [tofler] Scraping company: https://www.tofler.in/devyani-international-limited/company/L15135DL1991PLC046758
2026-08-14 23:30:36.618 | INFO     | scraper.tasks:_scrape_target:38 - [tofler] Scraping company: https://www.tofler.in/hoac-foods-india-limited/company/L15120DL2018PLC330739
2026-08-14 23:30:39.743 | INFO     | scraper.tasks:_scrape_target:38 - [tofler] Scraping company: https://www.tofler.in/modi-naturals-limited/company/L15142DL1974PLC007349
2026-08-14 23:30:44.397 | INFO     | scraper.tasks:_scrape_target:38 - [tofler] Scraping company: https://www.tofler.in/devyani-international-limited/company/L15135DL1991PLC046758
2026-08-14 23:30:48.381 | INFO     | scraper.tasks:_scrape_target:38 - [tofler] Scraping company: https://www.tofler.in/reliance-infotek-limited/company/L15142DL1987PLC029899
2026-08-14 23:30:50.275 | INFO     | scraper.tasks:_scrape_target:38 - [tofler] Scraping company: https://www.tofler.in/modi-naturals-limited/company/L15142DL1974PLC007349
2026-08-14 23:30:55.712 | INFO     | scraper.tasks:_scrape_target:38 - [tofler] Scraping company: https://www.tofler.in/tarai-foods-limited/company/L15142DL1990PLC039291
2026-08-14 23:30:56.099 | INFO     | scraper.tasks:_scrape_target:38 - [tofler] Scraping company: https://www.tofler.in/reliance-infotek-limited/company/L15142DL1987PLC029899
2026-08-14 23:31:01.370 | INFO     | scraper.tasks:_scrape_target:38 - [tofler] Scraping company: https://www.tofler.in/superior-industrial-enterprises-limited/company/L15142DL1991PLC046469
2026-08-14 23:31:04.327 | INFO     | scraper.tasks:_scrape_target:38 - [tofler] Scraping company: https://www.tofler.in/tarai-foods-limited/company/L15142DL1990PLC039291
2026-08-14 23:31:08.307 | INFO     | scraper.tasks:_scrape_target:38 - [tofler] Scraping company: https://www.tofler.in/nestle-india-limited/company/L15202DL1959PLC003786
2026-08-14 23:31:13.716 | INFO     | scraper.tasks:_scrape_target:38 - [tofler] Scraping company: https://www.tofler.in/superior-industrial-enterprises-limited/company/L15142DL1991PLC046469
2026-08-14 23:31:16.895 | INFO     | scraper.tasks:_scrape_target:38 - [tofler] Scraping company: https://www.tofler.in/mahavira-foods-limited/company/L15310DL1988PLC033651
2026-08-14 23:31:19.440 | INFO     | scraper.tasks:_scrape_target:38 - [tofler] Scraping company: https://www.tofler.in/nestle-india-limited/company/L15202DL1959PLC003786
2026-08-14 23:31:24.319 | INFO     | scraper.tasks:_scrape_target:38 - [tofler] Scraping company: https://www.tofler.in/kumar-food-industries-limited/company/L15310DL1991PLC043456
2026-08-14 23:31:25.867 | INFO     | scraper.tasks:_scrape_target:38 - [tofler] Scraping company: https://www.tofler.in/mahavira-foods-limited/company/L15310DL1988PLC033651
2026-08-14 23:31:31.871 | INFO     | scraper.tasks:_scrape_target:38 - [tofler] Scraping company: https://www.tofler.in/focus-industrial-resources-limited/company/L15319DL1985PLC021348
2026-08-14 23:31:32.381 | INFO     | scraper.tasks:_scrape_target:38 - [tofler] Scraping company: https://www.tofler.in/kumar-food-industries-limited/company/L15310DL1991PLC043456
2026-08-14 23:31:39.685 | INFO     | scraper.tasks:_scrape_target:38 - [tofler] Scraping company: https://www.tofler.in/focus-industrial-resources-limited/company/L15319DL1985PLC021348
2026-08-14 23:31:39.865 | INFO     | scraper.tasks:_scrape_target:38 - [tofler] Scraping company: https://www.tofler.in/mahaan-foods-limited/company/L15419DL1987PLC350285
2026-08-14 23:31:46.897 | INFO     | scraper.tasks:_scrape_target:38 - [tofler] Scraping company: https://www.tofler.in/visisth-chay-vyapar-limited/company/L15491DL1985PLC019848
2026-08-14 23:31:48.170 | INFO     | scraper.tasks:_scrape_target:38 - [tofler] Scraping company: https://www.tofler.in/mahaan-foods-limited/company/L15419DL1987PLC350285
2026-08-14 23:31:55.441 | INFO     | scraper.tasks:_scrape_target:38 - [tofler] Scraping company: https://www.tofler.in/regent-enterprises-limited/company/L15500DL1994PLC153183
2026-08-14 23:31:56.484 | INFO     | scraper.tasks:_scrape_target:38 - [tofler] Scraping company: https://www.tofler.in/visisth-chay-vyapar-limited/company/L15491DL1985PLC019848
2026-08-14 23:32:03.007 | INFO     | scraper.tasks:_scrape_target:38 - [tofler] Scraping company: https://www.tofler.in/lacy-limited/company/L15511DL1985PLC021272
2026-08-14 23:32:04.712 | INFO     | scraper.tasks:_scrape_target:38 - [tofler] Scraping company: https://www.tofler.in/regent-enterprises-limited/company/L15500DL1994PLC153183
2026-08-14 23:32:09.551 | INFO     | scraper.tasks:_scrape_target:38 - [tofler] Scraping company: https://www.tofler.in/hindustan-breweries-and-bottling-limited/company/L15549DL1909PLC005478
2026-08-14 23:32:12.723 | INFO     | scraper.tasks:_scrape_target:38 - [tofler] Scraping company: https://www.tofler.in/lacy-limited/company/L15511DL1985PLC021272
2026-08-14 23:32:16.668 | INFO     | scraper.tasks:_scrape_target:38 - [tofler] Scraping company: https://www.tofler.in/john-oakey-and-mohan-limited/company/L15549DL1962PLC003726
2026-08-14 23:32:20.418 | INFO     | scraper.tasks:_scrape_target:38 - [tofler] Scraping company: https://www.tofler.in/hindustan-breweries-and-bottling-limited/company/L15549DL1909PLC005478
2026-08-14 23:32:23.389 | INFO     | scraper.tasks:_scrape_target:50 - [tofler] page 1: 30 records
2026-08-14 23:32:23.458 | INFO     | scraper.browser:stop:48 - Browser closed
2026-08-14 23:32:29.101 | INFO     | scraper.tasks:_scrape_target:38 - [tofler] Scraping company: https://www.tofler.in/john-oakey-and-mohan-limited/company/L15549DL1962PLC003726
2026-08-14 23:32:35.629 | INFO     | scraper.tasks:_scrape_target:50 - [tofler] page 1: 30 records
2026-08-14 23:32:35.660 | INFO     | scraper.browser:stop:48 - Browser closed
2026-08-14 23:46:53.711 | INFO     | scraper.browser:start:41 - Browser launched
2026-08-14 23:47:01.206 | INFO     | scraper.tasks:scrape_company:64 - [tofler] Scraping company: https://www.tofler.in/omansh-enterprises-limited/company/L01100DL1974PLC241646
2026-08-14 23:47:01.207 | INFO     | scraper.tasks:scrape_company:64 - [tofler] Scraping company: https://www.tofler.in/pajson-agro-india-limited/company/L01100DL2021PLC386740
2026-08-14 23:47:08.945 | INFO     | scraper.tasks:scrape_company:64 - [tofler] Scraping company: https://www.tofler.in/continental-seeds-and-chemicals-limited/company/L01111DL1983PLC015969
2026-08-14 23:47:09.466 | INFO     | scraper.tasks:scrape_company:64 - [tofler] Scraping company: https://www.tofler.in/semaya-limited/company/L01111DL1985PLC021268
2026-08-14 23:47:15.568 | INFO     | scraper.tasks:scrape_company:64 - [tofler] Scraping company: https://www.tofler.in/krbl-limited/company/L01111DL1993PLC052845
2026-08-14 23:47:17.140 | INFO     | scraper.tasks:scrape_company:64 - [tofler] Scraping company: https://www.tofler.in/dr-m-induscorp-limited/company/L01119DL1986PLC023698
2026-08-14 23:47:23.045 | INFO     | scraper.tasks:scrape_company:64 - [tofler] Scraping company: https://www.tofler.in/hindustan-agrigentics-limited/company/L01119DL1990PLC040979
2026-08-14 23:47:23.544 | INFO     | scraper.tasks:scrape_company:64 - [tofler] Scraping company: https://www.tofler.in/aayush-wellness-limited/company/L01122DL1984PLC018307
2026-08-14 23:47:29.532 | INFO     | scraper.tasks:scrape_company:64 - [tofler] Scraping company: https://www.tofler.in/sc-agrotech-limited/company/L01122DL1990PLC042207
2026-08-14 23:47:30.143 | INFO     | scraper.tasks:scrape_company:64 - [tofler] Scraping company: https://www.tofler.in/shivamshree-businesses-limited/company/L01403DL1983PLC015704
2026-08-14 23:47:40.713 | INFO     | scraper.tasks:scrape_company:64 - [tofler] Scraping company: https://www.tofler.in/fratelli-vineyards-limited/company/L11020DL2009PLC186397
2026-08-14 23:47:40.757 | INFO     | scraper.tasks:scrape_company:64 - [tofler] Scraping company: https://www.tofler.in/landmark-property-development-company-limited/company/L13100DL1976PLC188942
2026-08-14 23:47:48.317 | INFO     | scraper.tasks:scrape_company:64 - [tofler] Scraping company: https://www.tofler.in/spl-industries-limited/company/L13139DL1991PLC062744
2026-08-14 23:47:49.487 | INFO     | scraper.tasks:scrape_company:64 - [tofler] Scraping company: https://www.tofler.in/sajjan-commercial-enterprises-ltd/company/L13203DL1985PLC021536
2026-08-14 23:47:53.983 | INFO     | scraper.tasks:scrape_company:64 - [tofler] Scraping company: https://www.tofler.in/hoac-foods-india-limited/company/L15120DL2018PLC330739
2026-08-14 23:47:57.265 | INFO     | scraper.tasks:scrape_company:64 - [tofler] Scraping company: https://www.tofler.in/devyani-international-limited/company/L15135DL1991PLC046758
2026-08-14 23:48:01.876 | INFO     | scraper.tasks:scrape_company:64 - [tofler] Scraping company: https://www.tofler.in/modi-naturals-limited/company/L15142DL1974PLC007349
2026-08-14 23:48:03.658 | INFO     | scraper.tasks:scrape_company:64 - [tofler] Scraping company: https://www.tofler.in/reliance-infotek-limited/company/L15142DL1987PLC029899
2026-08-14 23:48:08.431 | INFO     | scraper.tasks:scrape_company:64 - [tofler] Scraping company: https://www.tofler.in/tarai-foods-limited/company/L15142DL1990PLC039291
2026-08-14 23:48:11.880 | INFO     | scraper.tasks:scrape_company:64 - [tofler] Scraping company: https://www.tofler.in/superior-industrial-enterprises-limited/company/L15142DL1991PLC046469
2026-08-14 23:48:15.129 | INFO     | scraper.tasks:scrape_company:64 - [tofler] Scraping company: https://www.tofler.in/nestle-india-limited/company/L15202DL1959PLC003786
2026-08-14 23:48:18.027 | INFO     | scraper.tasks:scrape_company:64 - [tofler] Scraping company: https://www.tofler.in/mahavira-foods-limited/company/L15310DL1988PLC033651
2026-08-14 23:48:21.292 | INFO     | scraper.tasks:scrape_company:64 - [tofler] Scraping company: https://www.tofler.in/kumar-food-industries-limited/company/L15310DL1991PLC043456
2026-08-14 23:48:25.971 | INFO     | scraper.tasks:scrape_company:64 - [tofler] Scraping company: https://www.tofler.in/focus-industrial-resources-limited/company/L15319DL1985PLC021348
2026-08-14 23:48:27.649 | INFO     | scraper.tasks:scrape_company:64 - [tofler] Scraping company: https://www.tofler.in/mahaan-foods-limited/company/L15419DL1987PLC350285
2026-08-14 23:48:34.388 | INFO     | scraper.tasks:scrape_company:64 - [tofler] Scraping company: https://www.tofler.in/visisth-chay-vyapar-limited/company/L15491DL1985PLC019848
2026-08-14 23:48:35.869 | INFO     | scraper.tasks:scrape_company:64 - [tofler] Scraping company: https://www.tofler.in/regent-enterprises-limited/company/L15500DL1994PLC153183
2026-08-14 23:48:41.350 | INFO     | scraper.tasks:scrape_company:64 - [tofler] Scraping company: https://www.tofler.in/lacy-limited/company/L15511DL1985PLC021272
2026-08-14 23:48:44.209 | INFO     | scraper.tasks:scrape_company:64 - [tofler] Scraping company: https://www.tofler.in/hindustan-breweries-and-bottling-limited/company/L15549DL1909PLC005478
2026-08-14 23:48:47.984 | INFO     | scraper.tasks:scrape_company:64 - [tofler] Scraping company: https://www.tofler.in/john-oakey-and-mohan-limited/company/L15549DL1962PLC003726
2026-08-14 23:51:59.771 | INFO     | scraper.browser:start:41 - Browser launched
2026-08-14 23:52:08.241 | INFO     | scraper.browser:stop:48 - Browser closed
2026-08-14 23:52:43.740 | INFO     | scraper.browser:start:41 - Browser launched
2026-08-14 23:52:51.094 | INFO     | scraper.browser:stop:48 - Browser closed
2026-08-14 23:53:11.778 | INFO     | scraper.browser:start:41 - Browser launched
2026-08-14 23:53:19.833 | INFO     | scraper.tasks:scrape_company:64 - [tofler] Scraping company: https://www.tofler.in/omansh-enterprises-limited/company/L01100DL1974PLC241646
2026-08-14 23:53:19.834 | INFO     | scraper.tasks:scrape_company:64 - [tofler] Scraping company: https://www.tofler.in/pajson-agro-india-limited/company/L01100DL2021PLC386740
2026-08-14 23:53:27.409 | INFO     | scraper.tasks:scrape_company:64 - [tofler] Scraping company: https://www.tofler.in/continental-seeds-and-chemicals-limited/company/L01111DL1983PLC015969
2026-08-14 23:53:28.169 | INFO     | scraper.tasks:scrape_company:64 - [tofler] Scraping company: https://www.tofler.in/semaya-limited/company/L01111DL1985PLC021268
2026-08-14 23:53:34.591 | INFO     | scraper.tasks:scrape_company:64 - [tofler] Scraping company: https://www.tofler.in/krbl-limited/company/L01111DL1993PLC052845
2026-08-14 23:53:36.473 | INFO     | scraper.tasks:scrape_company:64 - [tofler] Scraping company: https://www.tofler.in/dr-m-induscorp-limited/company/L01119DL1986PLC023698
2026-08-14 23:53:41.387 | INFO     | scraper.tasks:scrape_company:64 - [tofler] Scraping company: https://www.tofler.in/hindustan-agrigentics-limited/company/L01119DL1990PLC040979
2026-08-14 23:53:44.434 | INFO     | scraper.tasks:scrape_company:64 - [tofler] Scraping company: https://www.tofler.in/aayush-wellness-limited/company/L01122DL1984PLC018307
2026-08-14 23:53:48.880 | INFO     | scraper.tasks:scrape_company:64 - [tofler] Scraping company: https://www.tofler.in/sc-agrotech-limited/company/L01122DL1990PLC042207
2026-08-14 23:53:51.357 | INFO     | scraper.tasks:scrape_company:64 - [tofler] Scraping company: https://www.tofler.in/shivamshree-businesses-limited/company/L01403DL1983PLC015704
2026-08-14 23:53:57.102 | INFO     | scraper.tasks:scrape_company:64 - [tofler] Scraping company: https://www.tofler.in/fratelli-vineyards-limited/company/L11020DL2009PLC186397
2026-08-14 23:53:57.452 | INFO     | scraper.tasks:scrape_company:64 - [tofler] Scraping company: https://www.tofler.in/landmark-property-development-company-limited/company/L13100DL1976PLC188942
2026-08-14 23:54:03.915 | INFO     | scraper.tasks:scrape_company:64 - [tofler] Scraping company: https://www.tofler.in/spl-industries-limited/company/L13139DL1991PLC062744
2026-08-14 23:54:04.587 | INFO     | scraper.tasks:scrape_company:64 - [tofler] Scraping company: https://www.tofler.in/sajjan-commercial-enterprises-ltd/company/L13203DL1985PLC021536
2026-08-14 23:54:12.077 | INFO     | scraper.tasks:scrape_company:64 - [tofler] Scraping company: https://www.tofler.in/hoac-foods-india-limited/company/L15120DL2018PLC330739
2026-08-14 23:54:12.698 | INFO     | scraper.tasks:scrape_company:64 - [tofler] Scraping company: https://www.tofler.in/devyani-international-limited/company/L15135DL1991PLC046758
2026-08-14 23:54:18.787 | INFO     | scraper.tasks:scrape_company:64 - [tofler] Scraping company: https://www.tofler.in/modi-naturals-limited/company/L15142DL1974PLC007349
2026-08-14 23:54:18.866 | INFO     | scraper.tasks:scrape_company:64 - [tofler] Scraping company: https://www.tofler.in/reliance-infotek-limited/company/L15142DL1987PLC029899
2026-08-14 23:54:25.310 | INFO     | scraper.tasks:scrape_company:64 - [tofler] Scraping company: https://www.tofler.in/tarai-foods-limited/company/L15142DL1990PLC039291
2026-08-14 23:54:25.888 | INFO     | scraper.tasks:scrape_company:64 - [tofler] Scraping company: https://www.tofler.in/superior-industrial-enterprises-limited/company/L15142DL1991PLC046469
2026-08-14 23:54:32.114 | INFO     | scraper.tasks:scrape_company:64 - [tofler] Scraping company: https://www.tofler.in/nestle-india-limited/company/L15202DL1959PLC003786
2026-08-14 23:54:33.008 | INFO     | scraper.tasks:scrape_company:64 - [tofler] Scraping company: https://www.tofler.in/mahavira-foods-limited/company/L15310DL1988PLC033651
2026-08-14 23:54:40.412 | INFO     | scraper.tasks:scrape_company:64 - [tofler] Scraping company: https://www.tofler.in/kumar-food-industries-limited/company/L15310DL1991PLC043456
2026-08-14 23:54:41.058 | INFO     | scraper.tasks:scrape_company:64 - [tofler] Scraping company: https://www.tofler.in/focus-industrial-resources-limited/company/L15319DL1985PLC021348
2026-08-14 23:54:47.779 | INFO     | scraper.tasks:scrape_company:64 - [tofler] Scraping company: https://www.tofler.in/mahaan-foods-limited/company/L15419DL1987PLC350285
2026-08-14 23:54:49.928 | INFO     | scraper.tasks:scrape_company:64 - [tofler] Scraping company: https://www.tofler.in/visisth-chay-vyapar-limited/company/L15491DL1985PLC019848
2026-08-14 23:54:55.040 | INFO     | scraper.tasks:scrape_company:64 - [tofler] Scraping company: https://www.tofler.in/regent-enterprises-limited/company/L15500DL1994PLC153183
2026-08-14 23:54:55.792 | INFO     | scraper.tasks:scrape_company:64 - [tofler] Scraping company: https://www.tofler.in/lacy-limited/company/L15511DL1985PLC021272
2026-08-14 23:55:01.738 | INFO     | scraper.tasks:scrape_company:64 - [tofler] Scraping company: https://www.tofler.in/hindustan-breweries-and-bottling-limited/company/L15549DL1909PLC005478
2026-08-14 23:55:03.057 | INFO     | scraper.tasks:scrape_company:64 - [tofler] Scraping company: https://www.tofler.in/john-oakey-and-mohan-limited/company/L15549DL1962PLC003726
2026-08-14 23:55:11.150 | INFO     | scraper.tasks:_scrape_target:81 - [tofler] page 1: 30 records
2026-08-14 23:55:17.256 | INFO     | scraper.tasks:scrape_company:64 - [tofler] Scraping company: https://www.tofler.in/elitecon-international-limited/company/L16000DL1987PLC396234
2026-08-14 23:55:17.257 | INFO     | scraper.tasks:scrape_company:64 - [tofler] Scraping company: https://www.tofler.in/srm-energy-limited/company/L17100DL1985PLC303047
2026-08-14 23:55:22.777 | INFO     | scraper.tasks:scrape_company:64 - [tofler] Scraping company: https://www.tofler.in/sidhartha-super-spinning-mills-limited/company/L17111DL1980PLC010814
2026-08-14 23:55:23.408 | INFO     | scraper.tasks:scrape_company:64 - [tofler] Scraping company: https://www.tofler.in/unifinz-capital-india-limited/company/L17111DL1982PLC013790
2026-08-14 23:55:30.744 | INFO     | scraper.tasks:scrape_company:64 - [tofler] Scraping company: https://www.tofler.in/fiber-plus-industries-limited/company/L17120DL1984PLC018729
2026-08-14 23:55:30.846 | INFO     | scraper.tasks:scrape_company:64 - [tofler] Scraping company: https://www.tofler.in/lorenzini-apparels-limited/company/L17120DL2007PLC163192
2026-08-14 23:55:37.601 | INFO     | scraper.tasks:scrape_company:64 - [tofler] Scraping company: https://www.tofler.in/aplaya-creations-limited/company/L17122DL1996PLC332121
2026-08-14 23:55:39.572 | INFO     | scraper.tasks:scrape_company:64 - [tofler] Scraping company: https://www.tofler.in/n-k-textile-industries-ltd/company/L17299DL1983PLC163230
2026-08-14 23:55:44.550 | INFO     | scraper.tasks:scrape_company:64 - [tofler] Scraping company: https://www.tofler.in/sru-steels-limited/company/L17300DL1995PLC107286
2026-08-14 23:55:45.728 | INFO     | scraper.tasks:scrape_company:64 - [tofler] Scraping company: https://www.tofler.in/dcm-nouvelle-limited/company/L17309DL2016PLC307204
2026-08-14 23:55:51.055 | INFO     | scraper.tasks:scrape_company:64 - [tofler] Scraping company: https://www.tofler.in/a-f-enterprises-limited/company/L18100DL1983PLC016354
2026-08-14 23:55:52.819 | INFO     | scraper.tasks:scrape_company:64 - [tofler] Scraping company: https://www.tofler.in/srf-limited/company/L18101DL1970PLC005197
2026-08-14 23:55:58.578 | INFO     | scraper.tasks:scrape_company:64 - [tofler] Scraping company: https://www.tofler.in/arth-udyog-limited/company/L18101DL1971PLC028813
2026-08-14 23:56:00.675 | INFO     | scraper.tasks:scrape_company:64 - [tofler] Scraping company: https://www.tofler.in/t-t-limited/company/L18101DL1978PLC009241
2026-08-14 23:56:04.723 | INFO     | scraper.tasks:scrape_company:64 - [tofler] Scraping company: https://www.tofler.in/mayfair-fabrics-limited/company/L18101DL1983PLC027286
2026-08-14 23:56:07.034 | INFO     | scraper.tasks:scrape_company:64 - [tofler] Scraping company: https://www.tofler.in/paloma-knitwear-international-limited/company/L18101DL1984PLC019544
2026-08-14 23:59:45.072 | INFO     | scraper.browser:start:41 - Browser launched
2026-08-14 23:59:54.126 | INFO     | scraper.tasks:scrape_company:64 - [tofler] Scraping company: https://www.tofler.in/omansh-enterprises-limited/company/L01100DL1974PLC241646
2026-08-14 23:59:54.129 | INFO     | scraper.tasks:scrape_company:64 - [tofler] Scraping company: https://www.tofler.in/pajson-agro-india-limited/company/L01100DL2021PLC386740
2026-08-14 23:59:59.178 | INFO     | scraper.tasks:scrape_company:64 - [tofler] Scraping company: https://www.tofler.in/continental-seeds-and-chemicals-limited/company/L01111DL1983PLC015969
